// Jest Snapshot v1, https://goo.gl/fbAQLP

exports[`Component: LoadingScreen should render correctly 1`] = `
<div>
  <p>
    Loading ...
  </p>
</div>
`;
